
<!DOCTYPE html>

<html>
<head>
<meta charset="utf-8"/>
<meta content="width=device-width, initial-scale=1.0" name="viewport"/>
<title>panel.golden Package — Panel 0.12.0rc11 documentation</title>
<link href="../_static/css/theme.css" rel="stylesheet"/>
<link href="../_static/css/index.c5995385ac14fb8791e8eb36b4908be2.css" rel="stylesheet"/>
<link href="../_static/vendor/fontawesome/5.13.0/css/all.min.css" rel="stylesheet"/>
<link as="font" crossorigin="" href="../_static/vendor/fontawesome/5.13.0/webfonts/fa-solid-900.woff2" rel="preload" type="font/woff2"/>
<link as="font" crossorigin="" href="../_static/vendor/fontawesome/5.13.0/webfonts/fa-brands-400.woff2" rel="preload" type="font/woff2"/>
<link href="../_static/pygments.css" rel="stylesheet" type="text/css">
<link href="../_static/basic.css" rel="stylesheet" type="text/css">
<link href="../_static/togglebutton.css" rel="stylesheet" type="text/css">
<link href="../_static/mystnb.css" rel="stylesheet" type="text/css"/>
<link href="../_static/graphviz.css" rel="stylesheet" type="text/css"/>
<link href="../_static/nbsite.css" rel="stylesheet" type="text/css"/>
<link href="../_static/css/custom.css" rel="stylesheet" type="text/css"/>
<link as="script" href="../_static/js/index.1c5a1a01449ed65a7b51.js" rel="preload"/>
<script data-url_root="../" id="documentation_options" src="../_static/documentation_options.js"></script>
<script src="../_static/jquery.js"></script>
<script src="../_static/underscore.js"></script>
<script src="../_static/doctools.js"></script>
<script src="../_static/togglebutton.js"></script>
<script>var togglebuttonSelector = '.toggle, .admonition.dropdown, .tag_hide_input div.cell_input, .tag_hide-input div.cell_input, .tag_hide_output div.cell_output, .tag_hide-output div.cell_output, .tag_hide_cell.cell, .tag_hide-cell.cell';</script>
<link href="../_static/favicon.ico" rel="shortcut icon">
<link href="../genindex.html" rel="index" title="Index"/>
<link href="../search.html" rel="search" title="Search"/>
<link href="panel.template.material.html" rel="next" title="panel.material Package"/>
<link href="panel.template.fast.list.html" rel="prev" title="panel.list Package"/>
<meta content="width=device-width, initial-scale=1" name="viewport"/>
<meta content="en" name="docsearch:language"/>
</link></link></link></link></head>
<body data-offset="80" data-spy="scroll" data-target="#bd-toc-nav">
<div class="container-fluid" id="banner"></div>
<nav class="navbar navbar-dark navbar-expand-lg bg-dark fixed-top bd-navbar" id="navbar-main"><div class="container-xl">
<div id="navbar-start">
<a class="navbar-brand" href="../index.html">
<img alt="logo" class="logo" src="../_static/logo_horizontal.png"/>
</a>
</div>
<button aria-controls="navbar-collapsible" aria-expanded="false" aria-label="Toggle navigation" class="navbar-toggler" data-target="#navbar-collapsible" data-toggle="collapse" type="button">
<span class="navbar-toggler-icon"></span>
</button>
<div class="col-lg-9 collapse navbar-collapse" id="navbar-collapsible">
<div class="mr-auto" id="navbar-center">
<div class="navbar-center-item">
<ul class="navbar-nav" id="navbar-main-elements">
<li class="toctree-l1 nav-item">
<a class="reference internal nav-link" href="../getting_started/index.html">
  Getting Started
 </a>
</li>
<li class="toctree-l1 nav-item">
<a class="reference internal nav-link" href="../user_guide/index.html">
  User Guide
 </a>
</li>
<li class="toctree-l1 nav-item">
<a class="reference internal nav-link" href="../gallery/index.html">
  Gallery
 </a>
</li>
<li class="toctree-l1 nav-item">
<a class="reference internal nav-link" href="../reference/index.html">
  Reference Gallery
 </a>
</li>
<li class="toctree-l1 nav-item">
<a class="reference internal nav-link" href="../developer_guide/index.html">
  Developers
 </a>
</li>
<li class="toctree-l1 nav-item">
<a class="reference internal nav-link" href="index.html">
  API
 </a>
</li>
<li class="toctree-l1 nav-item">
<a class="reference internal nav-link" href="../releases.html">
  Releases
 </a>
</li>
<li class="toctree-l1 nav-item">
<a class="reference internal nav-link" href="../FAQ.html">
  FAQ
 </a>
</li>
<li class="toctree-l1 nav-item">
<a class="reference internal nav-link" href="../about/index.html">
  About
 </a>
</li>
</ul>
</div>
</div>
<div id="navbar-end">
<div class="navbar-end-item">
<ul aria-label="Icon Links" class="navbar-nav" id="navbar-icon-links">
<li class="nav-item">
<a class="nav-link" href="https://github.com/holoviz/panel" rel="noopener" target="_blank" title="GitHub">
<span><i class="fab fa-github-square"></i></span>
<label class="sr-only">GitHub</label>
</a>
</li>
<li class="nav-item">
<a class="nav-link" href="https://twitter.com/Panel_Org" rel="noopener" target="_blank" title="Twitter">
<span><i class="fab fa-twitter-square"></i></span>
<label class="sr-only">Twitter</label>
</a>
</li>
<li class="nav-item">
<a class="nav-link" href="https://discourse.holoviz.org/" rel="noopener" target="_blank" title="Discourse">
<span><i class="fab fa-discourse"></i></span>
<label class="sr-only">Discourse</label>
</a>
</li>
</ul>
</div>
</div>
</div>
</div>
</nav>
<div class="container-xl">
<div class="row">
<!-- Only show if we have sidebars configured, else just a small margin  -->
<div class="col-12 col-md-2 bd-sidebar"><form action="../search.html" class="bd-search d-flex align-items-center" method="get">
<i class="icon fas fa-search"></i>
<input aria-label="Search the docs ..." autocomplete="off" class="form-control" id="search-input" name="q" placeholder="Search the docs ..." type="search"/>
</form><nav aria-label="Main navigation" class="bd-links" id="bd-docs-nav">
<div class="bd-toc-item active">
<ul class="current nav bd-sidenav">
<li class="toctree-l1">
<a class="reference internal" href="panel.template.bootstrap.html">
   panel.bootstrap Package
  </a>
</li>
<li class="toctree-l1 has-children">
<a class="reference internal" href="panel.template.fast.html">
   panel.fast Package
  </a>
<input class="toctree-checkbox" id="toctree-checkbox-1" name="toctree-checkbox-1" type="checkbox">
<label for="toctree-checkbox-1">
<i class="fas fa-chevron-down">
</i>
</label>
<ul>
<li class="toctree-l2">
<a class="reference internal" href="panel.template.fast.grid.html">
     panel.grid Package
    </a>
</li>
<li class="toctree-l2">
<a class="reference internal" href="panel.template.fast.list.html">
     panel.list Package
    </a>
</li>
</ul>
</input></li>
<li class="toctree-l1 current active">
<a class="current reference internal" href="#">
   panel.golden Package
  </a>
</li>
<li class="toctree-l1">
<a class="reference internal" href="panel.template.material.html">
   panel.material Package
  </a>
</li>
<li class="toctree-l1">
<a class="reference internal" href="panel.template.react.html">
   panel.react Package
  </a>
</li>
<li class="toctree-l1">
<a class="reference internal" href="panel.template.theme.html">
   panel.theme Package
  </a>
</li>
<li class="toctree-l1">
<a class="reference internal" href="panel.template.vanilla.html">
   panel.vanilla Package
  </a>
</li>
</ul>
</div>
</nav>
</div>
<div class="d-none d-xl-block col-xl-2 bd-toc">
<div class="toc-item">
<div class="tocsection onthispage pt-5 pb-3">
<i class="fas fa-list"></i> On this page
</div>
<nav id="bd-toc-nav">
<ul class="visible nav section-nav flex-column">
<li class="toc-h2 nav-item toc-entry">
<a class="reference internal nav-link" href="#golden-package">
<code class="xref py py-mod docutils literal notranslate">
<span class="pre">
     golden
    </span>
</code>
   Package
  </a>
</li>
</ul>
</nav>
</div>
<div class="toc-item">
</div>
</div>
<main class="col-12 col-md-10 col-xl-8 py-md-5 pl-md-5 pr-md-4 bd-content" role="main">
<div>
<div class="section" id="panel-golden-package">
<h1>panel.golden Package<a class="headerlink" href="#panel-golden-package" title="Permalink to this headline">¶</a></h1>
<hr class="docutils"/>
<div class="section" id="golden-package">
<h2><code class="xref py py-mod docutils literal notranslate"><span class="pre">golden</span></code> Package<a class="headerlink" href="#golden-package" title="Permalink to this headline">¶</a></h2>
<div class="graphviz"><img alt="Inheritance diagram of panel.template.golden" class="inheritance graphviz" src="../_images/inheritance-5a7c3a560f00f586d4c003e98f9a84f1a507b6e6.png" usemap="#inheritancee8c1002713"/></div>
<map id="inheritancee8c1002713" name="inheritancee8c1002713">
<area alt="" coords="291,5,525,28" href="panel.template.html#panel.template.base.BaseTemplate" id="node1" shape="rect" target="_top" title="panel.template.base.BaseTemplate"/>
<area alt="" coords="574,5,809,28" href="panel.template.html#panel.template.base.BasicTemplate" id="node4" shape="rect" target="_top" title="BasicTemplate provides a baseclass for templates with a basic"/>
<area alt="" coords="308,51,508,74" href="panel.template.theme.html#panel.template.theme.Theme" id="node10" shape="rect" target="_top" title="A Theme customizes the look and feel of a Template by providing"/>
<area alt="" coords="25,5,227,28" href="panel.viewable.html#panel.viewable.ServableMixin" id="node3" shape="rect" target="_top" title="Mixin to define methods shared by objects which can served."/>
<area alt="" coords="874,5,1132,28" href="#panel.template.golden.GoldenTemplate" id="node9" shape="rect" target="_top" title="GoldenTemplate is built on top of golden-layout library."/>
<area alt="" coords="866,51,1139,74" href="#panel.template.golden.GoldenDarkTheme" id="node5" shape="rect" target="_top" title="panel.template.golden.GoldenDarkTheme"/>
<area alt="" coords="577,51,806,74" href="panel.template.theme.html#panel.template.theme.DarkTheme" id="node6" shape="rect" target="_top" title="The DefaultTheme uses the standard Panel color palette."/>
<area alt="" coords="858,96,1147,120" href="#panel.template.golden.GoldenDefaultTheme" id="node7" shape="rect" target="_top" title="panel.template.golden.GoldenDefaultTheme"/>
<area alt="" coords="569,96,814,120" href="panel.template.theme.html#panel.template.theme.DefaultTheme" id="node8" shape="rect" target="_top" title="The DefaultTheme uses the standard Panel color palette."/>
</map><span class="target" id="module-panel.template.golden"></span><p>GoldenTemplate based on the golden-layout library.</p>
<dl class="py class">
<dt id="panel.template.golden.GoldenDarkTheme">
<em class="property"><span class="pre">class</span> </em><code class="sig-prename descclassname"><span class="pre">panel.template.golden.</span></code><code class="sig-name descname"><span class="pre">GoldenDarkTheme</span></code><span class="sig-paren">(</span><em class="sig-param"><span class="o"><span class="pre">*</span></span></em>, <em class="sig-param"><span class="n"><span class="pre">fig</span></span></em>, <em class="sig-param"><span class="n"><span class="pre">holomap</span></span></em>, <em class="sig-param"><span class="n"><span class="pre">widgets</span></span></em>, <em class="sig-param"><span class="n"><span class="pre">fps</span></span></em>, <em class="sig-param"><span class="n"><span class="pre">max_frames</span></span></em>, <em class="sig-param"><span class="n"><span class="pre">size</span></span></em>, <em class="sig-param"><span class="n"><span class="pre">dpi</span></span></em>, <em class="sig-param"><span class="n"><span class="pre">filename</span></span></em>, <em class="sig-param"><span class="n"><span class="pre">info</span></span></em>, <em class="sig-param"><span class="n"><span class="pre">css</span></span></em>, <em class="sig-param"><span class="n"><span class="pre">widget_location</span></span></em><span class="sig-paren">)</span><a class="reference internal" href="../_modules/panel/template/golden.html#GoldenDarkTheme"><span class="viewcode-link"><span class="pre">[source]</span></span></a><a class="headerlink" href="#panel.template.golden.GoldenDarkTheme" title="Permalink to this definition">¶</a></dt>
<dd><p>Bases: <a class="reference internal" href="panel.template.theme.html#panel.template.theme.DarkTheme" title="panel.template.theme.DarkTheme"><code class="xref py py-class docutils literal notranslate"><span class="pre">panel.template.theme.DarkTheme</span></code></a></p>
<p>Parameters inherited from:</p>
<blockquote>
<div><p><a class="reference internal" href="panel.template.theme.html#panel.template.theme.DarkTheme" title="panel.template.theme.DarkTheme"><code class="xref py py-class docutils literal notranslate"><span class="pre">panel.template.theme.DarkTheme</span></code></a>: base_css, bokeh_theme</p>
</div></blockquote>
<p><code class="docutils literal notranslate"><span class="pre">css</span></code> = param.Filename(default=PosixPath(‘/home/runner/work/panel/panel/panel/template/golden/dark.css’), label=’Css’, search_paths=[])</p>
</dd></dl>
<dl class="py class">
<dt id="panel.template.golden.GoldenDefaultTheme">
<em class="property"><span class="pre">class</span> </em><code class="sig-prename descclassname"><span class="pre">panel.template.golden.</span></code><code class="sig-name descname"><span class="pre">GoldenDefaultTheme</span></code><span class="sig-paren">(</span><em class="sig-param"><span class="o"><span class="pre">*</span></span></em>, <em class="sig-param"><span class="n"><span class="pre">fig</span></span></em>, <em class="sig-param"><span class="n"><span class="pre">holomap</span></span></em>, <em class="sig-param"><span class="n"><span class="pre">widgets</span></span></em>, <em class="sig-param"><span class="n"><span class="pre">fps</span></span></em>, <em class="sig-param"><span class="n"><span class="pre">max_frames</span></span></em>, <em class="sig-param"><span class="n"><span class="pre">size</span></span></em>, <em class="sig-param"><span class="n"><span class="pre">dpi</span></span></em>, <em class="sig-param"><span class="n"><span class="pre">filename</span></span></em>, <em class="sig-param"><span class="n"><span class="pre">info</span></span></em>, <em class="sig-param"><span class="n"><span class="pre">css</span></span></em>, <em class="sig-param"><span class="n"><span class="pre">widget_location</span></span></em><span class="sig-paren">)</span><a class="reference internal" href="../_modules/panel/template/golden.html#GoldenDefaultTheme"><span class="viewcode-link"><span class="pre">[source]</span></span></a><a class="headerlink" href="#panel.template.golden.GoldenDefaultTheme" title="Permalink to this definition">¶</a></dt>
<dd><p>Bases: <a class="reference internal" href="panel.template.theme.html#panel.template.theme.DefaultTheme" title="panel.template.theme.DefaultTheme"><code class="xref py py-class docutils literal notranslate"><span class="pre">panel.template.theme.DefaultTheme</span></code></a></p>
<p>Parameters inherited from:</p>
<blockquote>
<div><p><a class="reference internal" href="panel.template.theme.html#panel.template.theme.Theme" title="panel.template.theme.Theme"><code class="xref py py-class docutils literal notranslate"><span class="pre">panel.template.theme.Theme</span></code></a>: bokeh_theme</p>
<p><a class="reference internal" href="panel.template.theme.html#panel.template.theme.DefaultTheme" title="panel.template.theme.DefaultTheme"><code class="xref py py-class docutils literal notranslate"><span class="pre">panel.template.theme.DefaultTheme</span></code></a>: base_css</p>
</div></blockquote>
<p><code class="docutils literal notranslate"><span class="pre">css</span></code> = param.Filename(default=PosixPath(‘/home/runner/work/panel/panel/panel/template/golden/default.css’), label=’Css’, search_paths=[])</p>
</dd></dl>
<dl class="py class">
<dt id="panel.template.golden.GoldenTemplate">
<em class="property"><span class="pre">class</span> </em><code class="sig-prename descclassname"><span class="pre">panel.template.golden.</span></code><code class="sig-name descname"><span class="pre">GoldenTemplate</span></code><span class="sig-paren">(</span><em class="sig-param"><span class="o"><span class="pre">**</span></span><span class="n"><span class="pre">params</span></span></em><span class="sig-paren">)</span><a class="reference internal" href="../_modules/panel/template/golden.html#GoldenTemplate"><span class="viewcode-link"><span class="pre">[source]</span></span></a><a class="headerlink" href="#panel.template.golden.GoldenTemplate" title="Permalink to this definition">¶</a></dt>
<dd><p>Bases: <a class="reference internal" href="panel.template.html#panel.template.base.BasicTemplate" title="panel.template.base.BasicTemplate"><code class="xref py py-class docutils literal notranslate"><span class="pre">panel.template.base.BasicTemplate</span></code></a></p>
<p>GoldenTemplate is built on top of golden-layout library.</p>
<p>Parameters inherited from:</p>
<blockquote>
<div><p><a class="reference internal" href="panel.template.html#panel.template.base.BasicTemplate" title="panel.template.base.BasicTemplate"><code class="xref py py-class docutils literal notranslate"><span class="pre">panel.template.base.BasicTemplate</span></code></a>: location, config, busy_indicator, header, main, main_max_width, sidebar, modal, logo, favicon, title, site, site_url, meta_description, meta_keywords, meta_author, meta_refresh, meta_viewport, base_url, base_target, header_background, header_color, theme, _actions</p>
</div></blockquote>
<dl class="simple">
<dt><code class="docutils literal notranslate"><span class="pre">sidebar_width</span></code> = param.Integer(default=20, inclusive_bounds=(True, True), label=’Sidebar width’)</dt><dd><p>The width of the sidebar in percent. Default is 20.</p>
</dd>
</dl>
<dl class="py method">
<dt id="panel.template.golden.GoldenTemplate.close_modal">
<code class="sig-name descname"><span class="pre">close_modal</span></code><span class="sig-paren">(</span><span class="sig-paren">)</span><a class="headerlink" href="#panel.template.golden.GoldenTemplate.close_modal" title="Permalink to this definition">¶</a></dt>
<dd><p>Closes the modal area</p>
</dd></dl>
<dl class="py method">
<dt id="panel.template.golden.GoldenTemplate.open_modal">
<code class="sig-name descname"><span class="pre">open_modal</span></code><span class="sig-paren">(</span><span class="sig-paren">)</span><a class="headerlink" href="#panel.template.golden.GoldenTemplate.open_modal" title="Permalink to this definition">¶</a></dt>
<dd><p>Opens the modal area</p>
</dd></dl>
<dl class="py method">
<dt id="panel.template.golden.GoldenTemplate.save">
<code class="sig-name descname"><span class="pre">save</span></code><span class="sig-paren">(</span><em class="sig-param"><span class="n"><span class="pre">filename</span></span></em>, <em class="sig-param"><span class="n"><span class="pre">title</span></span><span class="o"><span class="pre">=</span></span><span class="default_value"><span class="pre">None</span></span></em>, <em class="sig-param"><span class="n"><span class="pre">resources</span></span><span class="o"><span class="pre">=</span></span><span class="default_value"><span class="pre">None</span></span></em>, <em class="sig-param"><span class="n"><span class="pre">embed</span></span><span class="o"><span class="pre">=</span></span><span class="default_value"><span class="pre">False</span></span></em>, <em class="sig-param"><span class="n"><span class="pre">max_states</span></span><span class="o"><span class="pre">=</span></span><span class="default_value"><span class="pre">1000</span></span></em>, <em class="sig-param"><span class="n"><span class="pre">max_opts</span></span><span class="o"><span class="pre">=</span></span><span class="default_value"><span class="pre">3</span></span></em>, <em class="sig-param"><span class="n"><span class="pre">embed_json</span></span><span class="o"><span class="pre">=</span></span><span class="default_value"><span class="pre">False</span></span></em>, <em class="sig-param"><span class="n"><span class="pre">json_prefix</span></span><span class="o"><span class="pre">=</span></span><span class="default_value"><span class="pre">''</span></span></em>, <em class="sig-param"><span class="n"><span class="pre">save_path</span></span><span class="o"><span class="pre">=</span></span><span class="default_value"><span class="pre">'./'</span></span></em>, <em class="sig-param"><span class="n"><span class="pre">load_path</span></span><span class="o"><span class="pre">=</span></span><span class="default_value"><span class="pre">None</span></span></em><span class="sig-paren">)</span><a class="headerlink" href="#panel.template.golden.GoldenTemplate.save" title="Permalink to this definition">¶</a></dt>
<dd><p>Saves Panel objects to file.</p>
<dl class="field-list simple">
<dt class="field-odd">Parameters</dt>
<dd class="field-odd"><ul class="simple">
<li><p><strong>filename</strong> (<em>string</em><em> or </em><em>file-like object</em>) – Filename to save the plot to</p></li>
<li><p><strong>title</strong> (<em>string</em>) – Optional title for the plot</p></li>
<li><p><strong>resources</strong> (<em>bokeh resources</em>) – One of the valid bokeh.resources (e.g. CDN or INLINE)</p></li>
<li><p><strong>embed</strong> (<em>bool</em>) – Whether the state space should be embedded in the saved file.</p></li>
<li><p><strong>max_states</strong> (<em>int</em>) – The maximum number of states to embed</p></li>
<li><p><strong>max_opts</strong> (<em>int</em>) – The maximum number of states for a single widget</p></li>
<li><p><strong>embed_json</strong> (<em>boolean</em><em> (</em><em>default=True</em><em>)</em>) – Whether to export the data to json files</p></li>
<li><p><strong>json_prefix</strong> (<em>str</em><em> (</em><em>default=''</em><em>)</em>) – Prefix for the auto-generated json directory</p></li>
<li><p><strong>save_path</strong> (<em>str</em><em> (</em><em>default='./'</em><em>)</em>) – The path to save json files to</p></li>
<li><p><strong>load_path</strong> (<em>str</em><em> (</em><em>default=None</em><em>)</em>) – The path or URL the json files will be loaded from.</p></li>
</ul>
</dd>
</dl>
</dd></dl>
<dl class="py method">
<dt id="panel.template.golden.GoldenTemplate.select">
<code class="sig-name descname"><span class="pre">select</span></code><span class="sig-paren">(</span><em class="sig-param"><span class="n"><span class="pre">selector</span></span><span class="o"><span class="pre">=</span></span><span class="default_value"><span class="pre">None</span></span></em><span class="sig-paren">)</span><a class="headerlink" href="#panel.template.golden.GoldenTemplate.select" title="Permalink to this definition">¶</a></dt>
<dd><p>Iterates over the Template and any potential children in the
applying the Selector.</p>
<dl class="field-list simple">
<dt class="field-odd">Parameters</dt>
<dd class="field-odd"><p><strong>selector</strong> (<em>type</em><em> or </em><em>callable</em><em> or </em><em>None</em>) – The selector allows selecting a subset of Viewables by
declaring a type or callable function to filter by.</p>
</dd>
<dt class="field-even">Returns</dt>
<dd class="field-even"><p><strong>viewables</strong></p>
</dd>
<dt class="field-odd">Return type</dt>
<dd class="field-odd"><p>list(<a class="reference internal" href="panel.viewable.html#panel.viewable.Viewable" title="panel.viewable.Viewable">Viewable</a>)</p>
</dd>
</dl>
</dd></dl>
<dl class="py method">
<dt id="panel.template.golden.GoldenTemplate.servable">
<code class="sig-name descname"><span class="pre">servable</span></code><span class="sig-paren">(</span><em class="sig-param"><span class="n"><span class="pre">title</span></span><span class="o"><span class="pre">=</span></span><span class="default_value"><span class="pre">None</span></span></em>, <em class="sig-param"><span class="n"><span class="pre">location</span></span><span class="o"><span class="pre">=</span></span><span class="default_value"><span class="pre">True</span></span></em>, <em class="sig-param"><span class="n"><span class="pre">area</span></span><span class="o"><span class="pre">=</span></span><span class="default_value"><span class="pre">'main'</span></span></em><span class="sig-paren">)</span><a class="headerlink" href="#panel.template.golden.GoldenTemplate.servable" title="Permalink to this definition">¶</a></dt>
<dd><p>Serves the object if in a <cite>panel serve</cite> context and returns
the Panel object to allow it to display itself in a notebook
context.
:param title: A string title to give the Document (if served as an app)
:type title: str
:param location: Whether to create a Location component to observe and</p>
<blockquote>
<div><p>set the URL location.</p>
</div></blockquote>
<dl class="field-list simple">
<dt class="field-odd">Parameters</dt>
<dd class="field-odd"><p><strong>area</strong> (<em>str</em>) – The area of a template to add the component too. Only has an
effect if pn.config.template has been set.</p>
</dd>
<dt class="field-even">Returns</dt>
<dd class="field-even"><p></p>
</dd>
<dt class="field-odd">Return type</dt>
<dd class="field-odd"><p>The Panel object itself</p>
</dd>
</dl>
</dd></dl>
<dl class="py method">
<dt id="panel.template.golden.GoldenTemplate.server_doc">
<code class="sig-name descname"><span class="pre">server_doc</span></code><span class="sig-paren">(</span><em class="sig-param"><span class="n"><span class="pre">doc</span></span><span class="o"><span class="pre">=</span></span><span class="default_value"><span class="pre">None</span></span></em>, <em class="sig-param"><span class="n"><span class="pre">title</span></span><span class="o"><span class="pre">=</span></span><span class="default_value"><span class="pre">None</span></span></em>, <em class="sig-param"><span class="n"><span class="pre">location</span></span><span class="o"><span class="pre">=</span></span><span class="default_value"><span class="pre">True</span></span></em><span class="sig-paren">)</span><a class="headerlink" href="#panel.template.golden.GoldenTemplate.server_doc" title="Permalink to this definition">¶</a></dt>
<dd><p>Returns a servable bokeh Document with the panel attached</p>
<dl class="field-list simple">
<dt class="field-odd">Parameters</dt>
<dd class="field-odd"><ul class="simple">
<li><p><strong>doc</strong> (<em>bokeh.Document</em><em> (</em><em>optional</em><em>)</em>) – The Bokeh Document to attach the panel to as a root,
defaults to bokeh.io.curdoc()</p></li>
<li><p><strong>title</strong> (<em>str</em>) – A string title to give the Document</p></li>
<li><p><strong>location</strong> (<em>boolean</em><em> or </em><a class="reference internal" href="panel.io.html#panel.io.location.Location" title="panel.io.location.Location"><em>panel.io.location.Location</em></a>) – Whether to create a Location component to observe and
set the URL location.</p></li>
</ul>
</dd>
<dt class="field-even">Returns</dt>
<dd class="field-even"><p><strong>doc</strong> – The Bokeh document the panel was attached to</p>
</dd>
<dt class="field-odd">Return type</dt>
<dd class="field-odd"><p>bokeh.Document</p>
</dd>
</dl>
</dd></dl>
<dl class="py method">
<dt id="panel.template.golden.GoldenTemplate.show">
<code class="sig-name descname"><span class="pre">show</span></code><span class="sig-paren">(</span><em class="sig-param"><span class="n"><span class="pre">title</span></span><span class="o"><span class="pre">=</span></span><span class="default_value"><span class="pre">None</span></span></em>, <em class="sig-param"><span class="n"><span class="pre">port</span></span><span class="o"><span class="pre">=</span></span><span class="default_value"><span class="pre">0</span></span></em>, <em class="sig-param"><span class="n"><span class="pre">address</span></span><span class="o"><span class="pre">=</span></span><span class="default_value"><span class="pre">None</span></span></em>, <em class="sig-param"><span class="n"><span class="pre">websocket_origin</span></span><span class="o"><span class="pre">=</span></span><span class="default_value"><span class="pre">None</span></span></em>, <em class="sig-param"><span class="n"><span class="pre">threaded</span></span><span class="o"><span class="pre">=</span></span><span class="default_value"><span class="pre">False</span></span></em>, <em class="sig-param"><span class="n"><span class="pre">verbose</span></span><span class="o"><span class="pre">=</span></span><span class="default_value"><span class="pre">True</span></span></em>, <em class="sig-param"><span class="n"><span class="pre">open</span></span><span class="o"><span class="pre">=</span></span><span class="default_value"><span class="pre">True</span></span></em>, <em class="sig-param"><span class="n"><span class="pre">location</span></span><span class="o"><span class="pre">=</span></span><span class="default_value"><span class="pre">True</span></span></em>, <em class="sig-param"><span class="o"><span class="pre">**</span></span><span class="n"><span class="pre">kwargs</span></span></em><span class="sig-paren">)</span><a class="headerlink" href="#panel.template.golden.GoldenTemplate.show" title="Permalink to this definition">¶</a></dt>
<dd><p>Starts a Bokeh server and displays the Viewable in a new tab.</p>
<dl class="field-list simple">
<dt class="field-odd">Parameters</dt>
<dd class="field-odd"><ul class="simple">
<li><p><strong>title</strong> (<em>str</em>) – A string title to give the Document (if served as an app)</p></li>
<li><p><strong>port</strong> (<em>int</em><em> (</em><em>optional</em><em>, </em><em>default=0</em><em>)</em>) – Allows specifying a specific port</p></li>
<li><p><strong>address</strong> (<em>str</em>) – The address the server should listen on for HTTP requests.</p></li>
<li><p><strong>websocket_origin</strong> (<em>str</em><em> or </em><em>list</em><em>(</em><em>str</em><em>) </em><em>(</em><em>optional</em><em>)</em>) – A list of hosts that can connect to the websocket.
This is typically required when embedding a server app in
an external web site.
If None, “localhost” is used.</p></li>
<li><p><strong>threaded</strong> (<em>boolean</em><em> (</em><em>optional</em><em>, </em><em>default=False</em><em>)</em>) – Whether to launch the Server on a separate thread, allowing
interactive use.</p></li>
<li><p><strong>verbose</strong> (<em>boolean</em><em> (</em><em>optional</em><em>, </em><em>default=True</em><em>)</em>) – Whether to print the address and port</p></li>
<li><p><strong>open</strong> (<em>boolean</em><em> (</em><em>optional</em><em>, </em><em>default=True</em><em>)</em>) – Whether to open the server in a new browser tab</p></li>
<li><p><strong>location</strong> (<em>boolean</em><em> or </em><a class="reference internal" href="panel.io.html#panel.io.location.Location" title="panel.io.location.Location"><em>panel.io.location.Location</em></a>) – Whether to create a Location component to observe and
set the URL location.</p></li>
</ul>
</dd>
<dt class="field-even">Returns</dt>
<dd class="field-even"><p><strong>server</strong> – Returns the Bokeh server instance or the thread the server
was launched on (if threaded=True)</p>
</dd>
<dt class="field-odd">Return type</dt>
<dd class="field-odd"><p>bokeh.server.Server or threading.Thread</p>
</dd>
</dl>
</dd></dl>
<dl class="py attribute">
<dt id="panel.template.golden.GoldenTemplate.theme">
<code class="sig-name descname"><span class="pre">theme</span></code><a class="headerlink" href="#panel.template.golden.GoldenTemplate.theme" title="Permalink to this definition">¶</a></dt>
<dd><p>alias of <a class="reference internal" href="panel.template.theme.html#panel.template.theme.DefaultTheme" title="panel.template.theme.DefaultTheme"><code class="xref py py-class docutils literal notranslate"><span class="pre">panel.template.theme.DefaultTheme</span></code></a></p>
</dd></dl>
</dd></dl>
<hr class="docutils"/>
</div>
</div>
</div>
<div class="prev-next-bottom">
<a class="left-prev" href="panel.template.fast.list.html" id="prev-link" title="previous page">panel.list Package</a>
<a class="right-next" href="panel.template.material.html" id="next-link" title="next page">panel.material Package</a>
</div>
</main>
</div>
</div>
<script src="../_static/js/index.1c5a1a01449ed65a7b51.js"></script>
<footer class="footer mt-5 mt-md-0">
<div class="container">
<div class="footer-item">
<p class="copyright">
    © Copyright 2019-2021 Panel contributors.<br/>
</p>
</div>
<div class="footer-item">
<p class="sphinx-version">
Created using <a href="http://sphinx-doc.org/">Sphinx</a> 3.5.3.<br/>
</p>
</div>
</div>
</footer>
</body>
</html>